// Jest Snapshot v1, https://goo.gl/fbAQLP

exports[`EthereumSignUpForm renders the component 1`] = `
<Fragment>
  <Component
    style={
      Object {
        "flexDirection": "row",
      }
    }
  >
    <Component
      style={
        Object {
          "alignItems": "center",
          "flex": 1,
        }
      }
    >
      <TextInput
        allowFontScaling={true}
        autoCapitalize="none"
        autoCorrect={false}
        onChangeText={[Function]}
        placeholder="username"
        style={
          Object {
            "fontSize": 45.89389937671454,
            "justifyContent": "flex-start",
            "width": 210.00000000000003,
          }
        }
        underlineColorAndroid="transparent"
        value=""
      />
    </Component>
  </Component>
  <Component
    style={
      Object {
        "flexDirection": "row",
        "marginTop": 66.7,
      }
    }
  >
    <Button
      onPress={[MockFunction]}
      title="Continue"
    />
  </Component>
</Fragment>
`;
