// Jest Snapshot v1, https://goo.gl/fbAQLP

exports[`EthereumSignIn renders the component 1`] = `
<Component
  style={
    Object {
      "alignItems": "center",
      "backgroundColor": "black",
      "flex": 1,
      "justifyContent": "center",
    }
  }
>
  <LargeText>
    Cool. Let's start by hooking this app with your wallet.
  </LargeText>
  <WalletButton
    appName="Gnosis Safe"
    appSlug="gnosis-safe-smart-wallet"
    scheme="gnosis-safe"
  />
  <WalletButton
    appName="Tasit Wallet"
    appSlug="tasit-wallet"
    scheme="tasit-wallet"
  />
</Component>
`;
