// Jest Snapshot v1, https://goo.gl/fbAQLP

exports[`WalletButton renders the component 1`] = `
<View
  style={
    Object {
      "flexDirection": "row",
      "marginTop": 66.7,
    }
  }
>
  <Button
    onPress={[Function]}
    title="Connect with testing"
  />
</View>
`;
