// Jest Snapshot v1, https://goo.gl/fbAQLP

exports[`EthereumSignUpForm UsernameTextInput renders the component 1`] = `
<TextInput
  allowFontScaling={true}
  autoCapitalize="none"
  autoCorrect={false}
  autoFocus={true}
  keyboardAppearance="dark"
  onChangeText={[Function]}
  placeholder="username"
  placeholderTextColor="gray"
  rejectResponderTermination={true}
  selectionColor="#07FFC2"
  style={
    Object {
      "backgroundColor": "black",
      "color": "#CCCCCC",
      "fontSize": 45.89389937671454,
      "justifyContent": "flex-start",
      "width": 360,
    }
  }
  underlineColorAndroid="transparent"
  value="test4"
/>
`;

exports[`EthereumSignUpForm renders the component 1`] = `
<Fragment>
  <View
    style={
      Object {
        "flexDirection": "row",
      }
    }
  >
    <View
      style={
        Object {
          "alignItems": "center",
          "flex": 1,
        }
      }
    >
      <UsernameTextInput
        onChange={[Function]}
        username=""
      />
    </View>
  </View>
  <View
    style={
      Object {
        "flexDirection": "row",
        "marginTop": 66.7,
      }
    }
  >
    <Button
      onPress={[MockFunction]}
      title="Continue"
    />
  </View>
</Fragment>
`;
